INTERNALERROR> Traceback (most recent call last):
INTERNALERROR>   File "C:\Python312\Lib\platform.py", line 804, in get_win32
INTERNALERROR>     manufacturer, caption = _wmi_query('CPU', 'Manufacturer', 'Caption')
INTERNALERROR>                             ^^^^^^^^^^^^^^^^^^^^^^^^^^^^^^^^^^^^^^^^^^^^
INTERNALERROR>   File "C:\Python312\Lib\platform.py", line 327, in _wmi_query
INTERNALERROR>     data = _wmi.exec_query("SELECT {} FROM {}".format(
INTERNALERROR>            ^^^^^^^^^^^^^^^^^^^^^^^^^^^^^^^^^^^^^^^^^^^
INTERNALERROR> OSError: [WinError 258] The wait operation timed out
INTERNALERROR> 
INTERNALERROR> During handling of the above exception, another exception occurred:
INTERNALERROR> 
INTERNALERROR> Traceback (most recent call last):
INTERNALERROR>   File "C:\Python312\Lib\site-packages\_pytest\main.py", line 267, in wrap_session
INTERNALERROR>     config._do_configure()
INTERNALERROR>   File "C:\Python312\Lib\site-packages\_pytest\config\__init__.py", line 1053, in _do_configure
INTERNALERROR>     self.hook.pytest_configure.call_historic(kwargs=dict(config=self))
INTERNALERROR>   File "C:\Python312\Lib\site-packages\pluggy\_hooks.py", line 535, in call_historic
INTERNALERROR>     res = self._hookexec(self.name, self._hookimpls.copy(), kwargs, False)
INTERNALERROR>           ^^^^^^^^^^^^^^^^^^^^^^^^^^^^^^^^^^^^^^^^^^^^^^^^^^^^^^^^^^^^^^^^
INTERNALERROR>   File "C:\Python312\Lib\site-packages\pluggy\_manager.py", line 120, in _hookexec
INTERNALERROR>     return self._inner_hookexec(hook_name, methods, kwargs, firstresult)
INTERNALERROR>            ^^^^^^^^^^^^^^^^^^^^^^^^^^^^^^^^^^^^^^^^^^^^^^^^^^^^^^^^^^^^^
INTERNALERROR>   File "C:\Python312\Lib\site-packages\pluggy\_callers.py", line 139, in _multicall
INTERNALERROR>     raise exception.with_traceback(exception.__traceback__)
INTERNALERROR>   File "C:\Python312\Lib\site-packages\pluggy\_callers.py", line 103, in _multicall
INTERNALERROR>     res = hook_impl.function(*args)
INTERNALERROR>           ^^^^^^^^^^^^^^^^^^^^^^^^^
INTERNALERROR>   File "C:\Python312\Lib\site-packages\pytest_metadata\plugin.py", line 89, in pytest_configure
INTERNALERROR>     "Platform": platform.platform(),
INTERNALERROR>                 ^^^^^^^^^^^^^^^^^^^
INTERNALERROR>   File "C:\Python312\Lib\platform.py", line 1245, in platform
INTERNALERROR>     system, node, release, version, machine, processor = uname()
INTERNALERROR>     ^^^^^^^^^^^^^^^^^^^^^^^^^^^^^^^^^^^^^^^^^^^^^^^^^^
INTERNALERROR>   File "C:\Python312\Lib\platform.py", line 865, in __iter__
INTERNALERROR>     (self.processor,)
INTERNALERROR>      ^^^^^^^^^^^^^^
INTERNALERROR>   File "C:\Python312\Lib\functools.py", line 998, in __get__
INTERNALERROR>     val = self.func(instance)
INTERNALERROR>           ^^^^^^^^^^^^^^^^^^^
INTERNALERROR>   File "C:\Python312\Lib\platform.py", line 860, in processor
INTERNALERROR>     return _unknown_as_blank(_Processor.get())
INTERNALERROR>                              ^^^^^^^^^^^^^^^^
INTERNALERROR>   File "C:\Python312\Lib\platform.py", line 800, in get
INTERNALERROR>     return func() or ''
INTERNALERROR>            ^^^^^^
INTERNALERROR>   File "C:\Python312\Lib\platform.py", line 806, in get_win32
INTERNALERROR>     return os.environ.get('PROCESSOR_IDENTIFIER', _get_machine_win32())
INTERNALERROR>                                                   ^^^^^^^^^^^^^^^^^^^^
INTERNALERROR>   File "C:\Python312\Lib\platform.py", line 776, in _get_machine_win32
INTERNALERROR>     [arch, *_] = _wmi_query('CPU', 'Architecture')
INTERNALERROR>     ^^^^^^^^^^
INTERNALERROR>   File "C:\Python312\Lib\platform.py", line 333, in <genexpr>
INTERNALERROR>     return (dict_data[k] for k in keys)
INTERNALERROR>             ~~~~~~~~~^^^
INTERNALERROR> KeyError: 'Architecture'

=================================== ERRORS ====================================
________________ ERROR collecting tests/unit/test_executor.py _________________
ImportError while importing test module 'C:\Users\Cameron\Projects\hottopoteto\tests\unit\test_executor.py'.
Hint: make sure your test modules/packages have valid Python names.
Traceback:
C:\Python312\Lib\importlib\__init__.py:90: in import_module
    return _bootstrap._gcd_import(name[level:], package, level)
tests\unit\test_executor.py:9: in <module>
    from core.executor import RecipeExecutor
core\executor.py:10: in <module>
    from langchain_openai import ChatOpenAI
C:\Python312\Lib\site-packages\langchain_openai\__init__.py:1: in <module>
    from langchain_openai.chat_models import AzureChatOpenAI, ChatOpenAI
C:\Python312\Lib\site-packages\langchain_openai\chat_models\__init__.py:1: in <module>
    from langchain_openai.chat_models.azure import AzureChatOpenAI
C:\Python312\Lib\site-packages\langchain_openai\chat_models\azure.py:21: in <module>
    from langchain_core.language_models import LanguageModelInput
..\..\AppData\Roaming\Python\Python312\site-packages\langchain_core\language_models\__init__.py:42: in <module>
    from langchain_core.language_models.base import (
..\..\AppData\Roaming\Python\Python312\site-packages\langchain_core\language_models\base.py:22: in <module>
    from langchain_core.callbacks import Callbacks
..\..\AppData\Roaming\Python\Python312\site-packages\langchain_core\callbacks\__init__.py:23: in <module>
    from langchain_core.callbacks.manager import (
..\..\AppData\Roaming\Python\Python312\site-packages\langchain_core\callbacks\manager.py:23: in <module>
    from langsmith.run_helpers import get_tracing_context
E   ModuleNotFoundError: No module named 'langsmith.run_helpers'
_____________ ERROR collecting tests/unit/test_executor_basic.py ______________
ImportError while importing test module 'C:\Users\Cameron\Projects\hottopoteto\tests\unit\test_executor_basic.py'.
Hint: make sure your test modules/packages have valid Python names.
Traceback:
C:\Python312\Lib\importlib\__init__.py:90: in import_module
    return _bootstrap._gcd_import(name[level:], package, level)
tests\unit\test_executor_basic.py:7: in <module>
    from core.executor import (
core\executor.py:10: in <module>
    from langchain_openai import ChatOpenAI
C:\Python312\Lib\site-packages\langchain_openai\__init__.py:1: in <module>
    from langchain_openai.chat_models import AzureChatOpenAI, ChatOpenAI
C:\Python312\Lib\site-packages\langchain_openai\chat_models\__init__.py:1: in <module>
    from langchain_openai.chat_models.azure import AzureChatOpenAI
C:\Python312\Lib\site-packages\langchain_openai\chat_models\azure.py:21: in <module>
    from langchain_core.language_models import LanguageModelInput
..\..\AppData\Roaming\Python\Python312\site-packages\langchain_core\language_models\__init__.py:42: in <module>
    from langchain_core.language_models.base import (
..\..\AppData\Roaming\Python\Python312\site-packages\langchain_core\language_models\base.py:22: in <module>
    from langchain_core.callbacks import Callbacks
..\..\AppData\Roaming\Python\Python312\site-packages\langchain_core\callbacks\__init__.py:23: in <module>
    from langchain_core.callbacks.manager import (
..\..\AppData\Roaming\Python\Python312\site-packages\langchain_core\callbacks\manager.py:23: in <module>
    from langsmith.run_helpers import get_tracing_context
E   ModuleNotFoundError: No module named 'langsmith.run_helpers'
_________ ERROR collecting tests/unit/test_executor_comprehensive.py __________
ImportError while importing test module 'C:\Users\Cameron\Projects\hottopoteto\tests\unit\test_executor_comprehensive.py'.
Hint: make sure your test modules/packages have valid Python names.
Traceback:
C:\Python312\Lib\importlib\__init__.py:90: in import_module
    return _bootstrap._gcd_import(name[level:], package, level)
tests\unit\test_executor_comprehensive.py:7: in <module>
    from core.executor import RecipeExecutor, RecipeLinkOutput
core\executor.py:10: in <module>
    from langchain_openai import ChatOpenAI
C:\Python312\Lib\site-packages\langchain_openai\__init__.py:1: in <module>
    from langchain_openai.chat_models import AzureChatOpenAI, ChatOpenAI
C:\Python312\Lib\site-packages\langchain_openai\chat_models\__init__.py:1: in <module>
    from langchain_openai.chat_models.azure import AzureChatOpenAI
C:\Python312\Lib\site-packages\langchain_openai\chat_models\azure.py:21: in <module>
    from langchain_core.language_models import LanguageModelInput
..\..\AppData\Roaming\Python\Python312\site-packages\langchain_core\language_models\__init__.py:42: in <module>
    from langchain_core.language_models.base import (
..\..\AppData\Roaming\Python\Python312\site-packages\langchain_core\language_models\base.py:22: in <module>
    from langchain_core.callbacks import Callbacks
..\..\AppData\Roaming\Python\Python312\site-packages\langchain_core\callbacks\__init__.py:23: in <module>
    from langchain_core.callbacks.manager import (
..\..\AppData\Roaming\Python\Python312\site-packages\langchain_core\callbacks\manager.py:23: in <module>
    from langsmith.run_helpers import get_tracing_context
E   ModuleNotFoundError: No module named 'langsmith.run_helpers'
________ ERROR collecting tests/unit/test_executor_coverage_batch1.py _________
ImportError while importing test module 'C:\Users\Cameron\Projects\hottopoteto\tests\unit\test_executor_coverage_batch1.py'.
Hint: make sure your test modules/packages have valid Python names.
Traceback:
C:\Python312\Lib\importlib\__init__.py:90: in import_module
    return _bootstrap._gcd_import(name[level:], package, level)
tests\unit\test_executor_coverage_batch1.py:5: in <module>
    from core.executor import (
core\executor.py:10: in <module>
    from langchain_openai import ChatOpenAI
C:\Python312\Lib\site-packages\langchain_openai\__init__.py:1: in <module>
    from langchain_openai.chat_models import AzureChatOpenAI, ChatOpenAI
C:\Python312\Lib\site-packages\langchain_openai\chat_models\__init__.py:1: in <module>
    from langchain_openai.chat_models.azure import AzureChatOpenAI
C:\Python312\Lib\site-packages\langchain_openai\chat_models\azure.py:21: in <module>
    from langchain_core.language_models import LanguageModelInput
..\..\AppData\Roaming\Python\Python312\site-packages\langchain_core\language_models\__init__.py:42: in <module>
    from langchain_core.language_models.base import (
..\..\AppData\Roaming\Python\Python312\site-packages\langchain_core\language_models\base.py:22: in <module>
    from langchain_core.callbacks import Callbacks
..\..\AppData\Roaming\Python\Python312\site-packages\langchain_core\callbacks\__init__.py:23: in <module>
    from langchain_core.callbacks.manager import (
..\..\AppData\Roaming\Python\Python312\site-packages\langchain_core\callbacks\manager.py:23: in <module>
    from langsmith.run_helpers import get_tracing_context
E   ModuleNotFoundError: No module named 'langsmith.run_helpers'
________ ERROR collecting tests/unit/test_executor_coverage_batch2.py _________
ImportError while importing test module 'C:\Users\Cameron\Projects\hottopoteto\tests\unit\test_executor_coverage_batch2.py'.
Hint: make sure your test modules/packages have valid Python names.
Traceback:
C:\Python312\Lib\importlib\__init__.py:90: in import_module
    return _bootstrap._gcd_import(name[level:], package, level)
tests\unit\test_executor_coverage_batch2.py:4: in <module>
    from core.executor import (
core\executor.py:10: in <module>
    from langchain_openai import ChatOpenAI
C:\Python312\Lib\site-packages\langchain_openai\__init__.py:1: in <module>
    from langchain_openai.chat_models import AzureChatOpenAI, ChatOpenAI
C:\Python312\Lib\site-packages\langchain_openai\chat_models\__init__.py:1: in <module>
    from langchain_openai.chat_models.azure import AzureChatOpenAI
C:\Python312\Lib\site-packages\langchain_openai\chat_models\azure.py:21: in <module>
    from langchain_core.language_models import LanguageModelInput
..\..\AppData\Roaming\Python\Python312\site-packages\langchain_core\language_models\__init__.py:42: in <module>
    from langchain_core.language_models.base import (
..\..\AppData\Roaming\Python\Python312\site-packages\langchain_core\language_models\base.py:22: in <module>
    from langchain_core.callbacks import Callbacks
..\..\AppData\Roaming\Python\Python312\site-packages\langchain_core\callbacks\__init__.py:23: in <module>
    from langchain_core.callbacks.manager import (
..\..\AppData\Roaming\Python\Python312\site-packages\langchain_core\callbacks\manager.py:23: in <module>
    from langsmith.run_helpers import get_tracing_context
E   ModuleNotFoundError: No module named 'langsmith.run_helpers'
_____________ ERROR collecting tests/unit/test_executor_utils.py ______________
ImportError while importing test module 'C:\Users\Cameron\Projects\hottopoteto\tests\unit\test_executor_utils.py'.
Hint: make sure your test modules/packages have valid Python names.
Traceback:
C:\Python312\Lib\importlib\__init__.py:90: in import_module
    return _bootstrap._gcd_import(name[level:], package, level)
tests\unit\test_executor_utils.py:7: in <module>
    from core.executor import (
core\executor.py:10: in <module>
    from langchain_openai import ChatOpenAI
C:\Python312\Lib\site-packages\langchain_openai\__init__.py:1: in <module>
    from langchain_openai.chat_models import AzureChatOpenAI, ChatOpenAI
C:\Python312\Lib\site-packages\langchain_openai\chat_models\__init__.py:1: in <module>
    from langchain_openai.chat_models.azure import AzureChatOpenAI
C:\Python312\Lib\site-packages\langchain_openai\chat_models\azure.py:21: in <module>
ERROR: Unknown config option: asyncio_mode

    from langchain_core.language_models import LanguageModelInput
..\..\AppData\Roaming\Python\Python312\site-packages\langchain_core\language_models\__init__.py:42: in <module>
    from langchain_core.language_models.base import (
..\..\AppData\Roaming\Python\Python312\site-packages\langchain_core\language_models\base.py:22: in <module>
    from langchain_core.callbacks import Callbacks
..\..\AppData\Roaming\Python\Python312\site-packages\langchain_core\callbacks\__init__.py:23: in <module>
    from langchain_core.callbacks.manager import (
..\..\AppData\Roaming\Python\Python312\site-packages\langchain_core\callbacks\manager.py:23: in <module>
    from langsmith.run_helpers import get_tracing_context
E   ModuleNotFoundError: No module named 'langsmith.run_helpers'

=========================== short test summary info ===========================
ERROR tests/unit/test_executor.py
ERROR tests/unit/test_executor_basic.py
ERROR tests/unit/test_executor_comprehensive.py
ERROR tests/unit/test_executor_coverage_batch1.py
ERROR tests/unit/test_executor_coverage_batch2.py
ERROR tests/unit/test_executor_utils.py
6 errors in 18.95s
